asldfja;dsfk j;ads jf;lakd sf;lakj;lstatus=200 al;kdsjf;lakjfds;lakjsfd;lkajsf
adsf;lkj;lkjasd;f ;lakdsj f;lkajs df;lkjstatus=403;lasjdf;lk dsa;ljf 
asldkj;lakj;lfkj;la ;lkj;lstatus=500
abcdefghi
aslkj;lkjasd;f ;lakdsj f;lkajs df;lkjstatus=403;lasjdf;lk dsa;ljf 
paoifja;lj; ;kj;lak jf;lkjastatus=200a;lj;lkja;dsfj ;lkj
poyupao;awje;ad flkj;lstatus=403poiual;kj;laewr; a
